==================================================
Graph Database Cloud Benchmark Suite starting...
==================================================

==================================================
Starting Benchmark Suite for: CognoDB
==================================================
[CognoDBLoader] Connecting to bolt+ssc://db-72407370.databases.cognodb.com (Attempt 1/3)...
[CognoDBLoader] Connected successfully.
Parsing dataset file...
Parsed 18772 unique nodes and 198110 edges.
[CognoDBLoader] Clearing database data...
[CognoDBLoader] Database cleared.
[CognoDBLoader] Creating schema index...
[CognoDBLoader] Standard index creation failed: {neo4j_code: Neo.DatabaseError.Schema.SchemaError} {message: an equivalent index already exists: "author_id_index"} {gql_status: 50N42} {gql_status_description: error: general processing exception - unexpected error. an equivalent index already exists: "author_id_index"}. Trying legacy syntax...
[CognoDBLoader] Legacy index creation failed: {neo4j_code: Neo.ClientError.Statement.SyntaxError} {message: syntax error at position 16: expected FOR, got : (":")} {gql_status: 50N42} {gql_status_description: error: general processing exception - unexpected error. syntax error at position 16: expected FOR, got : (":")}. Continuing...
[CognoDB] Loading dataset...
[CognoDBLoader] Starting node loading of 18772 nodes...
[CognoDBLoader] Finished loading nodes.
[CognoDBLoader] Starting edge loading of 198110 edges...
[CognoDBLoader] Finished loading edges.
[CognoDB] Data Loading Completed. Total Time: 29.36s
[CognoDB] Performing warm-up...
