==================================================
Graph Database Cloud Benchmark Suite starting...
==================================================

==================================================
Starting Benchmark Suite for: CognoDB
==================================================
[CognoDBLoader] Connecting to bolt+ssc://db-e9782735.databases.cognodb.com (Attempt 1/3)...
[CognoDBLoader] Connected successfully.
Parsing dataset file...
Parsed 18772 unique nodes and 198110 edges.
[CognoDB] Free tier scale limit detected (0.5GB RAM). Sampling dataset to 10% for stable benchmarking.
[CognoDB] Sampled size: 12132 nodes, 19811 edges.
[CognoDBLoader] Clearing database data in batches...
[CognoDBLoader] Database cleared. Deleted 11132 nodes and relationships.
[CognoDBLoader] Creating schema index...
[CognoDBLoader] Standard index creation failed: {neo4j_code: Neo.DatabaseError.Schema.SchemaError} {message: an equivalent index already exists: "author_id_index"} {gql_status: 50N42} {gql_status_description: error: general processing exception - unexpected error. an equivalent index already exists: "author_id_index"}. Trying legacy syntax...
[CognoDBLoader] Legacy index creation failed: {neo4j_code: Neo.ClientError.Statement.SyntaxError} {message: syntax error at position 16: expected FOR, got : (":")} {gql_status: 50N42} {gql_status_description: error: general processing exception - unexpected error. syntax error at position 16: expected FOR, got : (":")}. Continuing...
[CognoDB] Loading dataset...
[CognoDBLoader] Starting node loading of 12132 nodes...
[CognoDBLoader] Finished loading nodes.
[CognoDBLoader] Starting edge loading of 19811 edges...
[CognoDBLoader] Finished loading edges.
[CognoDB] Data Loading Completed. Total Time: 5.19s
[CognoDB] Performing warm-up...
C:\Users\veera\Desktop\Wexa ai\.venv\Lib\site-packages\neo4j\_sync\work\result.py:636: UserWarning: Expected a result with a single record, but found multiple.
  warn(
[CognoDB] Warm-up completed.
[CognoDB] Verifying correctness against ground truth...
[CognoDB] Correctness verification: 1-hop=True, 2-hop=True
[CognoDB] Running 1-hop traversals (100 iterations)...
[CognoDB] Running 2-hop traversals (100 iterations)...
[CognoDB] Running 3-hop traversals (100 iterations)...
[CognoDB] Running point and indexed lookups (100 iterations)...
[CognoDB] Running aggregations (100 iterations)...
[CognoDBLoader Concurrent] Starting 10 threads for 60s...
[CognoDBLoader Concurrent] Finished load test.
[CognoDB] Results saved to: results\cognodb_results.json
[CognoDBLoader] Connection closed.
Interactive dashboard successfully generated at: results/dashboard.html
[FalkorDB] Saved results found at results/falkordb_results.json. Skipping benchmark.
[NebulaGraph] Saved results found at results/nebulagraph_results.json. Skipping benchmark.
[Neo4jAura] Saved results found at results/neo4jaura_results.json. Skipping benchmark.
[TypeDB] Saved results found at results/typedb_results.json. Skipping benchmark.

==================================================
Generating aggregate results...
==================================================
Generated comparison matrix at: results\summary.csv
All benchmarks finished.
